20322051544,88017226,4.5,279414000000
28392898392,88392926,8.3,949359600000